<html>
	<head>
	<style>span{width:100%}</style></head>
	<body>
		<div id="app"><div>hello world a</div></div>
		<script type="text/javascript" src="bootstrap.c587a9b6b98529303de8.bundle.js"></script>
		<script type="text/javascript" src="main.60ebb7634ba23af82ec9.bundle.js"></script>
	</body>
</html>
