{
  "main.js": "main.0123456789abcdefghij.bundle.js",
  "main.js.map": "main.0123456789abcdefghij.bundle.js.map",
  "main.css": "main.css",
  "bootstrap.js": "bootstrap.8ac6da72a3eb6bbf6eeb.bundle.js",
  "bootstrap.js.map": "bootstrap.abcdefghij0123456789.bundle.js.map",
  "index.html": "index.html",
  "blocks.js": "blocks.abcdefghij0123456789.bundle.js",
  "block-49e457933c3c36eeb77f.js": "block-49e457933c3c36eeb77f.f2165508dc8dd49df0a9.bundle.js"
}
