<html>
	<head>
		<link href="main.css" rel="stylesheet">
	</head>
	<body>
		<div id="app"></div>
		<script type="text/javascript" src="main.js"></script>
	<script type="text/javascript" src="runtime/blocks.js"></script><script type="text/javascript" src="runtime/block-49e457933c3c36eeb77f.js"></script></body>
</html>
