<html>
	<head>
		<link rel="manifest" href="manifest.json">
		<title>Hello my-path</title>
		<meta name="description" content="my-path">
	<style>.hello{background:red}span{width:100%}.another{background:red}</style></head>
	<body>
		<div id="app"><div class="hello another">{"staticFeatures":{"build-time-render":true}}</div></div>
	</body>
</html>
