<html>
	<head>
	<style>.hello{background:red}.link{line-height:20px;color:#00b0e8}span{width:100%;height:100%}</style></head>
	<body>
		<div id="app"><div class="hello link">Hello</div></div>
		<link rel="stylesheet" href="main.css" /><script src="runtime.js"></script><script src="main.js"></script>
	</body>
</html>
