<html>
	<head>
		<style>
.hello {
  background: red;
}
span {
  width: 100%;
}
</style>
	</head>
	<body>
		<div id="app"></div>
		<script>
	(function () {
		var paths = [""];
		var html = ["<div id=\"app\"><div class=\"hello\">Hello</div></div>"];
		var element = document.getElementById('app');
		var target;
		paths.some(function (path, i) {
			target = html[i];
			return (typeof path === 'string' && path === window.location.hash) || path && (typeof path === 'object' && path.match && new RegExp(path.match.join('|')).test(window.location.hash));
		});
		if (target && element) {
			var frag = document.createRange().createContextualFragment(target);
			element.parentNode.replaceChild(frag, element);
		}
	}())
</script><link rel="stylesheet" href="main.css" media="none" onload="if(media!='all')media='all'" /><script type="text/javascript" src="runtime.js"></script><script type="text/javascript" src="main.js"></script>
	</body>
</html>
